Archive member included to satisfy reference by file (symbol)

c:/ac6/systemworkbench/plugins/fr.ac6.mcu.externaltools.arm-none.win32_1.17.0.201812190825/tools/compiler/bin/../lib/gcc/arm-none-eabi/7.3.1/thumb/v6-m\libgcc.a(_udivsi3.o)
                              Drivers/STM32F0xx_HAL_Driver/Src/stm32f0xx_hal.o (__aeabi_uidiv)
c:/ac6/systemworkbench/plugins/fr.ac6.mcu.externaltools.arm-none.win32_1.17.0.201812190825/tools/compiler/bin/../lib/gcc/arm-none-eabi/7.3.1/thumb/v6-m\libgcc.a(_dvmd_tls.o)
                              c:/ac6/systemworkbench/plugins/fr.ac6.mcu.externaltools.arm-none.win32_1.17.0.201812190825/tools/compiler/bin/../lib/gcc/arm-none-eabi/7.3.1/thumb/v6-m\libgcc.a(_udivsi3.o) (__aeabi_idiv0)
c:/ac6/systemworkbench/plugins/fr.ac6.mcu.externaltools.arm-none.win32_1.17.0.201812190825/tools/compiler/bin/../lib/gcc/arm-none-eabi/7.3.1/../../../../arm-none-eabi/lib/thumb/v6-m\libc_nano.a(lib_a-exit.o)
                              c:/ac6/systemworkbench/plugins/fr.ac6.mcu.externaltools.arm-none.win32_1.17.0.201812190825/tools/compiler/bin/../lib/gcc/arm-none-eabi/7.3.1/../../../../arm-none-eabi/lib/thumb/v6-m/crt0.o (exit)
c:/ac6/systemworkbench/plugins/fr.ac6.mcu.externaltools.arm-none.win32_1.17.0.201812190825/tools/compiler/bin/../lib/gcc/arm-none-eabi/7.3.1/../../../../arm-none-eabi/lib/thumb/v6-m\libc_nano.a(lib_a-impure.o)
                              c:/ac6/systemworkbench/plugins/fr.ac6.mcu.externaltools.arm-none.win32_1.17.0.201812190825/tools/compiler/bin/../lib/gcc/arm-none-eabi/7.3.1/../../../../arm-none-eabi/lib/thumb/v6-m\libc_nano.a(lib_a-exit.o) (_global_impure_ptr)
c:/ac6/systemworkbench/plugins/fr.ac6.mcu.externaltools.arm-none.win32_1.17.0.201812190825/tools/compiler/bin/../lib/gcc/arm-none-eabi/7.3.1/../../../../arm-none-eabi/lib/thumb/v6-m\libc_nano.a(lib_a-init.o)
                              c:/ac6/systemworkbench/plugins/fr.ac6.mcu.externaltools.arm-none.win32_1.17.0.201812190825/tools/compiler/bin/../lib/gcc/arm-none-eabi/7.3.1/../../../../arm-none-eabi/lib/thumb/v6-m/crt0.o (__libc_init_array)
c:/ac6/systemworkbench/plugins/fr.ac6.mcu.externaltools.arm-none.win32_1.17.0.201812190825/tools/compiler/bin/../lib/gcc/arm-none-eabi/7.3.1/../../../../arm-none-eabi/lib/thumb/v6-m\libc_nano.a(lib_a-memset.o)
                              c:/ac6/systemworkbench/plugins/fr.ac6.mcu.externaltools.arm-none.win32_1.17.0.201812190825/tools/compiler/bin/../lib/gcc/arm-none-eabi/7.3.1/../../../../arm-none-eabi/lib/thumb/v6-m/crt0.o (memset)
c:/ac6/systemworkbench/plugins/fr.ac6.mcu.externaltools.arm-none.win32_1.17.0.201812190825/tools/compiler/bin/../lib/gcc/arm-none-eabi/7.3.1/../../../../arm-none-eabi/lib/thumb/v6-m\libnosys.a(_exit.o)
                              c:/ac6/systemworkbench/plugins/fr.ac6.mcu.externaltools.arm-none.win32_1.17.0.201812190825/tools/compiler/bin/../lib/gcc/arm-none-eabi/7.3.1/../../../../arm-none-eabi/lib/thumb/v6-m\libc_nano.a(lib_a-exit.o) (_exit)

Allocating common symbols
Common symbol       size              file

uwTick              0x4               Drivers/STM32F0xx_HAL_Driver/Src/stm32f0xx_hal.o
pFlash              0x20              Drivers/STM32F0xx_HAL_Driver/Src/stm32f0xx_hal_flash.o
nrf_rx_cfg          0x24              Src/main.o
hspi1               0x64              Src/main.o

Discarded input sections

 .text          0x00000000        0x0 c:/ac6/systemworkbench/plugins/fr.ac6.mcu.externaltools.arm-none.win32_1.17.0.201812190825/tools/compiler/bin/../lib/gcc/arm-none-eabi/7.3.1/thumb/v6-m/crti.o
 .data          0x00000000        0x0 c:/ac6/systemworkbench/plugins/fr.ac6.mcu.externaltools.arm-none.win32_1.17.0.201812190825/tools/compiler/bin/../lib/gcc/arm-none-eabi/7.3.1/thumb/v6-m/crti.o
 .bss           0x00000000        0x0 c:/ac6/systemworkbench/plugins/fr.ac6.mcu.externaltools.arm-none.win32_1.17.0.201812190825/tools/compiler/bin/../lib/gcc/arm-none-eabi/7.3.1/thumb/v6-m/crti.o
 .data          0x00000000        0x4 c:/ac6/systemworkbench/plugins/fr.ac6.mcu.externaltools.arm-none.win32_1.17.0.201812190825/tools/compiler/bin/../lib/gcc/arm-none-eabi/7.3.1/thumb/v6-m/crtbegin.o
 .text          0x00000000       0x78 c:/ac6/systemworkbench/plugins/fr.ac6.mcu.externaltools.arm-none.win32_1.17.0.201812190825/tools/compiler/bin/../lib/gcc/arm-none-eabi/7.3.1/../../../../arm-none-eabi/lib/thumb/v6-m/crt0.o
 .data          0x00000000        0x0 c:/ac6/systemworkbench/plugins/fr.ac6.mcu.externaltools.arm-none.win32_1.17.0.201812190825/tools/compiler/bin/../lib/gcc/arm-none-eabi/7.3.1/../../../../arm-none-eabi/lib/thumb/v6-m/crt0.o
 .bss           0x00000000        0x0 c:/ac6/systemworkbench/plugins/fr.ac6.mcu.externaltools.arm-none.win32_1.17.0.201812190825/tools/compiler/bin/../lib/gcc/arm-none-eabi/7.3.1/../../../../arm-none-eabi/lib/thumb/v6-m/crt0.o
[...]
Memory Configuration

Name             Origin             Length             Attributes
RAM              0x20000000         0x00002000         xrw
FLASH            0x08000000         0x00010000         xr
*default*        0x00000000         0xffffffff

Linker script and memory map

LOAD c:/ac6/systemworkbench/plugins/fr.ac6.mcu.externaltools.arm-none.win32_1.17.0.201812190825/tools/compiler/bin/../lib/gcc/arm-none-eabi/7.3.1/thumb/v6-m/crti.o
LOAD c:/ac6/systemworkbench/plugins/fr.ac6.mcu.externaltools.arm-none.win32_1.17.0.201812190825/tools/compiler/bin/../lib/gcc/arm-none-eabi/7.3.1/thumb/v6-m/crtbegin.o
LOAD c:/ac6/systemworkbench/plugins/fr.ac6.mcu.externaltools.arm-none.win32_1.17.0.201812190825/tools/compiler/bin/../lib/gcc/arm-none-eabi/7.3.1/../../../../arm-none-eabi/lib/thumb/v6-m/crt0.o
LOAD Drivers/STM32F0xx_HAL_Driver/Src/stm32f0xx_hal.o
LOAD Drivers/STM32F0xx_HAL_Driver/Src/stm32f0xx_hal_cortex.o
LOAD Drivers/STM32F0xx_HAL_Driver/Src/stm32f0xx_hal_dma.o
LOAD Drivers/STM32F0xx_HAL_Driver/Src/stm32f0xx_hal_flash.o
LOAD Drivers/STM32F0xx_HAL_Driver/Src/stm32f0xx_hal_flash_ex.o
LOAD Drivers/STM32F0xx_HAL_Driver/Src/stm32f0xx_hal_gpio.o
LOAD Drivers/STM32F0xx_HAL_Driver/Src/stm32f0xx_hal_i2c.o
LOAD Drivers/STM32F0xx_HAL_Driver/Src/stm32f0xx_hal_i2c_ex.o
LOAD Drivers/STM32F0xx_HAL_Driver/Src/stm32f0xx_hal_pwr.o
LOAD Drivers/STM32F0xx_HAL_Driver/Src/stm32f0xx_hal_pwr_ex.o
LOAD Drivers/STM32F0xx_HAL_Driver/Src/stm32f0xx_hal_rcc.o
LOAD Drivers/STM32F0xx_HAL_Driver/Src/stm32f0xx_hal_rcc_ex.o
LOAD Drivers/STM32F0xx_HAL_Driver/Src/stm32f0xx_hal_spi.o
LOAD Drivers/STM32F0xx_HAL_Driver/Src/stm32f0xx_hal_spi_ex.o
LOAD Drivers/STM32F0xx_HAL_Driver/Src/stm32f0xx_hal_tim.o
LOAD Drivers/STM32F0xx_HAL_Driver/Src/stm32f0xx_hal_tim_ex.o
LOAD Src/main.o
LOAD Src/stm32f0xx_hal_msp.o
LOAD Src/stm32f0xx_it.o
LOAD Src/system_stm32f0xx.o
LOAD Src/tm2_stm32_nrf24l01.o
LOAD startup/startup_stm32f051x8.o
LOAD c:/ac6/systemworkbench/plugins/fr.ac6.mcu.externaltools.arm-none.win32_1.17.0.201812190825/tools/compiler/bin/../lib/gcc/arm-none-eabi/7.3.1/../../../../arm-none-eabi/lib/thumb/v6-m\libm.a
START GROUP
LOAD c:/ac6/systemworkbench/plugins/fr.ac6.mcu.externaltools.arm-none.win32_1.17.0.201812190825/tools/compiler/bin/../lib/gcc/arm-none-eabi/7.3.1/thumb/v6-m\libgcc.a
LOAD c:/ac6/systemworkbench/plugins/fr.ac6.mcu.externaltools.arm-none.win32_1.17.0.201812190825/tools/compiler/bin/../lib/gcc/arm-none-eabi/7.3.1/../../../../arm-none-eabi/lib/thumb/v6-m\libc_nano.a
END GROUP
START GROUP
LOAD c:/ac6/systemworkbench/plugins/fr.ac6.mcu.externaltools.arm-none.win32_1.17.0.201812190825/tools/compiler/bin/../lib/gcc/arm-none-eabi/7.3.1/thumb/v6-m\libgcc.a
LOAD c:/ac6/systemworkbench/plugins/fr.ac6.mcu.externaltools.arm-none.win32_1.17.0.201812190825/tools/compiler/bin/../lib/gcc/arm-none-eabi/7.3.1/../../../../arm-none-eabi/lib/thumb/v6-m\libc_nano.a
LOAD c:/ac6/systemworkbench/plugins/fr.ac6.mcu.externaltools.arm-none.win32_1.17.0.201812190825/tools/compiler/bin/../lib/gcc/arm-none-eabi/7.3.1/../../../../arm-none-eabi/lib/thumb/v6-m\libnosys.a
END GROUP
START GROUP
LOAD c:/ac6/systemworkbench/plugins/fr.ac6.mcu.externaltools.arm-none.win32_1.17.0.201812190825/tools/compiler/bin/../lib/gcc/arm-none-eabi/7.3.1/thumb/v6-m\libgcc.a
LOAD c:/ac6/systemworkbench/plugins/fr.ac6.mcu.externaltools.arm-none.win32_1.17.0.201812190825/tools/compiler/bin/../lib/gcc/arm-none-eabi/7.3.1/../../../../arm-none-eabi/lib/thumb/v6-m\libc_nano.a
LOAD c:/ac6/systemworkbench/plugins/fr.ac6.mcu.externaltools.arm-none.win32_1.17.0.201812190825/tools/compiler/bin/../lib/gcc/arm-none-eabi/7.3.1/../../../../arm-none-eabi/lib/thumb/v6-m\libnosys.a
END GROUP
LOAD c:/ac6/systemworkbench/plugins/fr.ac6.mcu.externaltools.arm-none.win32_1.17.0.201812190825/tools/compiler/bin/../lib/gcc/arm-none-eabi/7.3.1/thumb/v6-m/crtend.o
LOAD c:/ac6/systemworkbench/plugins/fr.ac6.mcu.externaltools.arm-none.win32_1.17.0.201812190825/tools/compiler/bin/../lib/gcc/arm-none-eabi/7.3.1/thumb/v6-m/crtn.o
                0x20002000                _estack = 0x20002000
                0x00000200                _Min_Heap_Size = 0x200
                0x00000400                _Min_Stack_Size = 0x400

.isr_vector     0x08000000       0xc0
                0x08000000                . = ALIGN (0x4)
 *(.isr_vector)
 .isr_vector    0x08000000       0xc0 startup/startup_stm32f051x8.o
                0x08000000                g_pfnVectors
                0x080000c0                . = ALIGN (0x4)

.text           0x080000c0     0x1abc
                0x080000c0                . = ALIGN (0x4)
 *(.text)
 .text          0x080000c0       0x48 c:/ac6/systemworkbench/plugins/fr.ac6.mcu.externaltools.arm-none.win32_1.17.0.201812190825/tools/compiler/bin/../lib/gcc/arm-none-eabi/7.3.1/thumb/v6-m/crtbegin.o
 .text          0x08000108      0x114 c:/ac6/systemworkbench/plugins/fr.ac6.mcu.externaltools.arm-none.win32_1.17.0.201812190825/tools/compiler/bin/../lib/gcc/arm-none-eabi/7.3.1/thumb/v6-m\libgcc.a(_udivsi3.o)
                0x08000108                __aeabi_uidiv
                0x08000108                __udivsi3
                0x08000214                __aeabi_uidivmod
 .text          0x0800021c        0x4 c:/ac6/systemworkbench/plugins/fr.ac6.mcu.externaltools.arm-none.win32_1.17.0.201812190825/tools/compiler/bin/../lib/gcc/arm-none-eabi/7.3.1/thumb/v6-m\libgcc.a(_dvmd_tls.o)
                0x0800021c                __aeabi_idiv0
                0x0800021c                __aeabi_ldiv0
 *(.text*)
 .text.HAL_InitTick
                0x08000220       0x24 Drivers/STM32F0xx_HAL_Driver/Src/stm32f0xx_hal.o
                0x08000220                HAL_InitTick
 .text.HAL_Init
                0x08000244       0x20 Drivers/STM32F0xx_HAL_Driver/Src/stm32f0xx_hal.o
                0x08000244                HAL_Init
 .text.HAL_IncTick
                0x08000264       0x10 Drivers/STM32F0xx_HAL_Driver/Src/stm32f0xx_hal.o
                0x08000264                HAL_IncTick
 .text.HAL_GetTick
                0x08000274        0xc Drivers/STM32F0xx_HAL_Driver/Src/stm32f0xx_hal.o
                0x08000274                HAL_GetTick
 .text.HAL_Delay
                0x08000280       0x22 Drivers/STM32F0xx_HAL_Driver/Src/stm32f0xx_hal.o
                0x08000280                HAL_Delay
 *fill*         0x080002a2        0x2 
 .text.HAL_NVIC_SetPriority
                0x080002a4       0x60 Drivers/STM32F0xx_HAL_Driver/Src/stm32f0xx_hal_cortex.o
                0x080002a4                HAL_NVIC_SetPriority
 .text.HAL_SYSTICK_Config
                0x08000304       0x38 Drivers/STM32F0xx_HAL_Driver/Src/stm32f0xx_hal_cortex.o
                0x08000304                HAL_SYSTICK_Config
 .text.HAL_SYSTICK_CLKSourceConfig
                0x0800033c       0x20 Drivers/STM32F0xx_HAL_Driver/Src/stm32f0xx_hal_cortex.o
                0x0800033c                HAL_SYSTICK_CLKSourceConfig
 .text.HAL_SYSTICK_Callback
                0x0800035c        0x2 Drivers/STM32F0xx_HAL_Driver/Src/stm32f0xx_hal_cortex.o
                0x0800035c                HAL_SYSTICK_Callback
 .text.HAL_SYSTICK_IRQHandler
                0x0800035e        0x8 Drivers/STM32F0xx_HAL_Driver/Src/stm32f0xx_hal_cortex.o
                0x0800035e                HAL_SYSTICK_IRQHandler
 *fill*         0x08000366        0x2 
 .text.HAL_GPIO_Init
                0x08000368      0x18c Drivers/STM32F0xx_HAL_Driver/Src/stm32f0xx_hal_gpio.o
                0x08000368                HAL_GPIO_Init
 .text.HAL_GPIO_ReadPin
                0x080004f4        0xe Drivers/STM32F0xx_HAL_Driver/Src/stm32f0xx_hal_gpio.o
                0x080004f4                HAL_GPIO_ReadPin
 .text.HAL_GPIO_WritePin
                0x08000502        0xc Drivers/STM32F0xx_HAL_Driver/Src/stm32f0xx_hal_gpio.o
                0x08000502                HAL_GPIO_WritePin
 *fill*         0x0800050e        0x2 
 .text.HAL_RCC_OscConfig
                0x08000510      0x454 Drivers/STM32F0xx_HAL_Driver/Src/stm32f0xx_hal_rcc.o
                0x08000510                HAL_RCC_OscConfig
 .text.HAL_RCC_GetSysClockFreq
                0x08000964       0x70 Drivers/STM32F0xx_HAL_Driver/Src/stm32f0xx_hal_rcc.o
                0x08000964                HAL_RCC_GetSysClockFreq
 .text.HAL_RCC_ClockConfig
                0x080009d4      0x154 Drivers/STM32F0xx_HAL_Driver/Src/stm32f0xx_hal_rcc.o
                0x080009d4                HAL_RCC_ClockConfig
 .text.HAL_RCC_GetHCLKFreq
                0x08000b28        0xc Drivers/STM32F0xx_HAL_Driver/Src/stm32f0xx_hal_rcc.o
                0x08000b28                HAL_RCC_GetHCLKFreq
 .text.SPI_WaitFlagStateUntilTimeout
                0x08000b34       0xa0 Drivers/STM32F0xx_HAL_Driver/Src/stm32f0xx_hal_spi.o
 .text.SPI_WaitFifoStateUntilTimeout
                0x08000bd4       0xb4 Drivers/STM32F0xx_HAL_Driver/Src/stm32f0xx_hal_spi.o
 .text.SPI_EndRxTxTransaction
                0x08000c88       0x68 Drivers/STM32F0xx_HAL_Driver/Src/stm32f0xx_hal_spi.o
 .text.HAL_SPI_Init
                0x08000cf0       0xcc Drivers/STM32F0xx_HAL_Driver/Src/stm32f0xx_hal_spi.o
                0x08000cf0                HAL_SPI_Init
 .text.HAL_SPI_Transmit
                0x08000dbc      0x1c4 Drivers/STM32F0xx_HAL_Driver/Src/stm32f0xx_hal_spi.o
                0x08000dbc                HAL_SPI_Transmit
 .text.HAL_SPI_TransmitReceive
                0x08000f80      0x2a4 Drivers/STM32F0xx_HAL_Driver/Src/stm32f0xx_hal_spi.o
                0x08000f80                HAL_SPI_TransmitReceive
 .text.MX_GPIO_Init
                0x08001224       0xa0 Src/main.o
 .text._Error_Handler
                0x080012c4        0x2 Src/main.o
                0x080012c4                _Error_Handler
 *fill*         0x080012c6        0x2 
 .text.MX_SPI1_Init
                0x080012c8       0x58 Src/main.o
 .text.SystemClock_Config
                0x08001320       0x7c Src/main.o
                0x08001320                SystemClock_Config
 .text.main     0x0800139c      0x158 Src/main.o
                0x0800139c                main
 .text.HAL_MspInit
                0x080014f4       0x44 Src/stm32f0xx_hal_msp.o
                0x080014f4                HAL_MspInit
 .text.HAL_SPI_MspInit
                0x08001538       0x4c Src/stm32f0xx_hal_msp.o
                0x08001538                HAL_SPI_MspInit
 .text.SysTick_Handler
                0x08001584        0xc Src/stm32f0xx_it.o
                0x08001584                SysTick_Handler
 .text.SystemInit
                0x08001590       0x60 Src/system_stm32f0xx.o
                0x08001590                SystemInit
 .text.tm2_NRF24L01_CE_LOW
                0x080015f0        0xe Src/tm2_stm32_nrf24l01.o
                0x080015f0                tm2_NRF24L01_CE_LOW
 .text.tm2_NRF24L01_CE_HIGH
                0x080015fe        0xe Src/tm2_stm32_nrf24l01.o
                0x080015fe                tm2_NRF24L01_CE_HIGH
 .text.tm2_NRF24L01_CSN_LOW
                0x0800160c        0xe Src/tm2_stm32_nrf24l01.o
                0x0800160c                tm2_NRF24L01_CSN_LOW
 .text.tm2_NRF24L01_CSN_HIGH
                0x0800161a        0xe Src/tm2_stm32_nrf24l01.o
                0x0800161a                tm2_NRF24L01_CSN_HIGH
 .text.tm2_NRF24L01_FLUSH_TX
                0x08001628       0x26 Src/tm2_stm32_nrf24l01.o
                0x08001628                tm2_NRF24L01_FLUSH_TX
 .text.tm2_NRF24L01_FLUSH_RX
                0x0800164e       0x26 Src/tm2_stm32_nrf24l01.o
                0x0800164e                tm2_NRF24L01_FLUSH_RX
 .text.tm2_NRF24L01_ReadRegister
                0x08001674       0x46 Src/tm2_stm32_nrf24l01.o
                0x08001674                tm2_NRF24L01_ReadRegister
 .text.tm2_NRF24L01_WriteRegister
                0x080016ba       0x40 Src/tm2_stm32_nrf24l01.o
                0x080016ba                tm2_NRF24L01_WriteRegister
 .text.tm2_NRF24L01_WriteRegisterMulti
                0x080016fa       0x3e Src/tm2_stm32_nrf24l01.o
                0x080016fa                tm2_NRF24L01_WriteRegisterMulti
 .text.tm2_NRF24L01_GetData
                0x08001738       0x44 Src/tm2_stm32_nrf24l01.o
                0x08001738                tm2_NRF24L01_GetData
 .text.tm2_NRF24L01_RxFifoEmpty
                0x0800177c        0xe Src/tm2_stm32_nrf24l01.o
                0x0800177c                tm2_NRF24L01_RxFifoEmpty
 .text.tm2_NRF24L01_GetStatus
                0x0800178a       0x30 Src/tm2_stm32_nrf24l01.o
                0x0800178a                tm2_NRF24L01_GetStatus
 .text.tm2_NRF24L01_DataReady
                0x080017ba       0x1e Src/tm2_stm32_nrf24l01.o
                0x080017ba                tm2_NRF24L01_DataReady
 .text.tm2_NRF24L01_GetTransmissionStatus
                0x080017d8       0x1a Src/tm2_stm32_nrf24l01.o
                0x080017d8                tm2_NRF24L01_GetTransmissionStatus
 .text.tm2_NRF24L01_SoftwareReset
                0x080017f2      0x138 Src/tm2_stm32_nrf24l01.o
                0x080017f2                tm2_NRF24L01_SoftwareReset
 .text.tm2_NRF24L01_SetChannel
                0x0800192a       0x12 Src/tm2_stm32_nrf24l01.o
                0x0800192a                tm2_NRF24L01_SetChannel
 .text.tm2_NRF24L01_SetRF
                0x0800193c       0x3e Src/tm2_stm32_nrf24l01.o
                0x0800193c                tm2_NRF24L01_SetRF
 .text.tm2_NRF24L01_Clear_Interrupts
                0x0800197a        0xc Src/tm2_stm32_nrf24l01.o
                0x0800197a                tm2_NRF24L01_Clear_Interrupts
 .text.tm2_NRF24L01_PowerUpTx
                0x08001986       0x14 Src/tm2_stm32_nrf24l01.o
                0x08001986                tm2_NRF24L01_PowerUpTx
 .text.tm2_NRF24L01_Transmit
                0x0800199a       0x50 Src/tm2_stm32_nrf24l01.o
                0x0800199a                tm2_NRF24L01_Transmit
 .text.tm2_NRF24L01_PowerUpRx
                0x080019ea       0x26 Src/tm2_stm32_nrf24l01.o
                0x080019ea                tm2_NRF24L01_PowerUpRx
 .text.tm2_NRF24L01_Init
                0x08001a10       0xb8 Src/tm2_stm32_nrf24l01.o
                0x08001a10                tm2_NRF24L01_Init
 .text.Reset_Handler
                0x08001ac8       0x50 startup/startup_stm32f051x8.o
                0x08001ac8                Reset_Handler
 .text.Default_Handler
                0x08001b18        0x2 startup/startup_stm32f051x8.o
                0x08001b18                TIM1_CC_IRQHandler
                0x08001b18                TSC_IRQHandler
                0x08001b18                HardFault_Handler
                0x08001b18                ADC1_COMP_IRQHandler
                0x08001b18                PVD_IRQHandler
                0x08001b18                PendSV_Handler
                0x08001b18                NMI_Handler
                0x08001b18                I2C1_IRQHandler
                0x08001b18                RCC_CRS_IRQHandler
                0x08001b18                SPI1_IRQHandler
                0x08001b18                TIM6_DAC_IRQHandler
                0x08001b18                EXTI2_3_IRQHandler
                0x08001b18                I2C2_IRQHandler
                0x08001b18                TIM17_IRQHandler
                0x08001b18                CEC_CAN_IRQHandler
                0x08001b18                RTC_IRQHandler
                0x08001b18                TIM16_IRQHandler
                0x08001b18                TIM3_IRQHandler
                0x08001b18                EXTI4_15_IRQHandler
                0x08001b18                DMA1_Channel1_IRQHandler
                0x08001b18                Default_Handler
                0x08001b18                TIM14_IRQHandler
                0x08001b18                DMA1_Channel4_5_IRQHandler
                0x08001b18                TIM15_IRQHandler
                0x08001b18                EXTI0_1_IRQHandler
                0x08001b18                SPI2_IRQHandler
                0x08001b18                SVC_Handler
                0x08001b18                WWDG_IRQHandler
                0x08001b18                TIM2_IRQHandler
                0x08001b18                DMA1_Channel2_3_IRQHandler
                0x08001b18                USART2_IRQHandler
                0x08001b18                FLASH_IRQHandler
                0x08001b18                USART1_IRQHandler
                0x08001b18                TIM1_BRK_UP_TRG_COM_IRQHandler
 *fill*         0x08001b1a        0x2 
 .text.__libc_init_array
                0x08001b1c       0x48 c:/ac6/systemworkbench/plugins/fr.ac6.mcu.externaltools.arm-none.win32_1.17.0.201812190825/tools/compiler/bin/../lib/gcc/arm-none-eabi/7.3.1/../../../../arm-none-eabi/lib/thumb/v6-m\libc_nano.a(lib_a-init.o)
                0x08001b1c                __libc_init_array
 *(.glue_7)
 .glue_7        0x08001b64        0x0 linker stubs
 *(.glue_7t)
 .glue_7t       0x08001b64        0x0 linker stubs
 *(.eh_frame)
 .eh_frame      0x08001b64        0x0 c:/ac6/systemworkbench/plugins/fr.ac6.mcu.externaltools.arm-none.win32_1.17.0.201812190825/tools/compiler/bin/../lib/gcc/arm-none-eabi/7.3.1/thumb/v6-m/crtbegin.o
 *(.init)
 .init          0x08001b64        0x4 c:/ac6/systemworkbench/plugins/fr.ac6.mcu.externaltools.arm-none.win32_1.17.0.201812190825/tools/compiler/bin/../lib/gcc/arm-none-eabi/7.3.1/thumb/v6-m/crti.o
                0x08001b64                _init
 .init          0x08001b68        0x8 c:/ac6/systemworkbench/plugins/fr.ac6.mcu.externaltools.arm-none.win32_1.17.0.201812190825/tools/compiler/bin/../lib/gcc/arm-none-eabi/7.3.1/thumb/v6-m/crtn.o
 *(.fini)
 .fini          0x08001b70        0x4 c:/ac6/systemworkbench/plugins/fr.ac6.mcu.externaltools.arm-none.win32_1.17.0.201812190825/tools/compiler/bin/../lib/gcc/arm-none-eabi/7.3.1/thumb/v6-m/crti.o
                0x08001b70                _fini
 .fini          0x08001b74        0x8 c:/ac6/systemworkbench/plugins/fr.ac6.mcu.externaltools.arm-none.win32_1.17.0.201812190825/tools/compiler/bin/../lib/gcc/arm-none-eabi/7.3.1/thumb/v6-m/crtn.o
                0x08001b7c                . = ALIGN (0x4)
                0x08001b7c                _etext = .

.vfp11_veneer   0x08001b7c        0x0
 .vfp11_veneer  0x08001b7c        0x0 linker stubs

.v4_bx          0x08001b7c        0x0
 .v4_bx         0x08001b7c        0x0 linker stubs

.iplt           0x08001b7c        0x0
 .iplt          0x08001b7c        0x0 c:/ac6/systemworkbench/plugins/fr.ac6.mcu.externaltools.arm-none.win32_1.17.0.201812190825/tools/compiler/bin/../lib/gcc/arm-none-eabi/7.3.1/thumb/v6-m/crtbegin.o

.rodata         0x08001b7c       0x48
                0x08001b7c                . = ALIGN (0x4)
 *(.rodata)
 .rodata        0x08001b7c       0x20 Drivers/STM32F0xx_HAL_Driver/Src/stm32f0xx_hal_rcc.o
 .rodata        0x08001b9c       0x18 Src/system_stm32f0xx.o
                0x08001b9c                AHBPrescTable
                0x08001bac                APBPrescTable
 *(.rodata*)
 .rodata.str1.4
                0x08001bb4       0x10 Src/main.o
                                  0xe (size before relaxing)
                0x08001bc4                . = ALIGN (0x4)

.rel.dyn        0x08001bc4        0x0
 .rel.iplt      0x08001bc4        0x0 c:/ac6/systemworkbench/plugins/fr.ac6.mcu.externaltools.arm-none.win32_1.17.0.201812190825/tools/compiler/bin/../lib/gcc/arm-none-eabi/7.3.1/thumb/v6-m/crtbegin.o

.ARM.extab
 *(.ARM.extab* .gnu.linkonce.armextab.*)

.ARM            0x08001bc4        0x0
                0x08001bc4                __exidx_start = .
 *(.ARM.exidx*)
                0x08001bc4                __exidx_end = .

.preinit_array  0x08001bc4        0x0
                0x08001bc4                PROVIDE (__preinit_array_start = .)
 *(.preinit_array*)
                0x08001bc4                PROVIDE (__preinit_array_end = .)

.init_array     0x08001bc4        0x4
                0x08001bc4                PROVIDE (__init_array_start = .)
 *(SORT_BY_NAME(.init_array.*))
 *(.init_array*)
 .init_array    0x08001bc4        0x4 c:/ac6/systemworkbench/plugins/fr.ac6.mcu.externaltools.arm-none.win32_1.17.0.201812190825/tools/compiler/bin/../lib/gcc/arm-none-eabi/7.3.1/thumb/v6-m/crtbegin.o
                0x08001bc8                PROVIDE (__init_array_end = .)

.fini_array     0x08001bc8        0x4
                [!provide]                PROVIDE (__fini_array_start = .)
 *(SORT_BY_NAME(.fini_array.*))
 *(.fini_array*)
 .fini_array    0x08001bc8        0x4 c:/ac6/systemworkbench/plugins/fr.ac6.mcu.externaltools.arm-none.win32_1.17.0.201812190825/tools/compiler/bin/../lib/gcc/arm-none-eabi/7.3.1/thumb/v6-m/crtbegin.o
                [!provide]                PROVIDE (__fini_array_end = .)
                0x08001bcc                _sidata = LOADADDR (.data)

.data           0x20000000        0x4 load address 0x08001bcc
                0x20000000                . = ALIGN (0x4)
                0x20000000                _sdata = .
 *(.data)
 .data          0x20000000        0x4 Src/system_stm32f0xx.o
                0x20000000                SystemCoreClock
 *(.data*)
                0x20000004                . = ALIGN (0x4)
                0x20000004                _edata = .

.igot.plt       0x20000004        0x0 load address 0x08001bd0
 .igot.plt      0x20000004        0x0 c:/ac6/systemworkbench/plugins/fr.ac6.mcu.externaltools.arm-none.win32_1.17.0.201812190825/tools/compiler/bin/../lib/gcc/arm-none-eabi/7.3.1/thumb/v6-m/crtbegin.o
                0x20000004                . = ALIGN (0x4)

.bss            0x20000004       0xa8 load address 0x08001bd0
                0x20000004                _sbss = .
                0x20000004                __bss_start__ = _sbss
 *(.bss)
 .bss           0x20000004       0x1c c:/ac6/systemworkbench/plugins/fr.ac6.mcu.externaltools.arm-none.win32_1.17.0.201812190825/tools/compiler/bin/../lib/gcc/arm-none-eabi/7.3.1/thumb/v6-m/crtbegin.o
 *(.bss*)
 *(COMMON)
 COMMON         0x20000020        0x4 Drivers/STM32F0xx_HAL_Driver/Src/stm32f0xx_hal.o
                0x20000020                uwTick
 COMMON         0x20000024       0x88 Src/main.o
                0x20000024                nrf_rx_cfg
                0x20000048                hspi1
                0x200000ac                . = ALIGN (0x4)
                0x200000ac                _ebss = .
                0x200000ac                __bss_end__ = _ebss

._user_heap_stack
                0x200000ac      0x604 load address 0x08001bd0
                0x200000b0                . = ALIGN (0x8)
 *fill*         0x200000ac        0x4 
                [!provide]                PROVIDE (end = .)
                [!provide]                PROVIDE (_end = .)
                0x200002b0                . = (. + _Min_Heap_Size)
 *fill*         0x200000b0      0x200 
                0x200006b0                . = (. + _Min_Stack_Size)
 *fill*         0x200002b0      0x400 
                0x200006b0                . = ALIGN (0x8)

/DISCARD/
 libc.a(*)
 libm.a(*)
 libgcc.a(*)

.ARM.attributes
                0x00000000       0x28
 *(.ARM.attributes)
 .ARM.attributes
                0x00000000       0x1e c:/ac6/systemworkbench/plugins/fr.ac6.mcu.externaltools.arm-none.win32_1.17.0.201812190825/tools/compiler/bin/../lib/gcc/arm-none-eabi/7.3.1/thumb/v6-m/crti.o
 .ARM.attributes
                0x0000001e       0x2c c:/ac6/systemworkbench/plugins/fr.ac6.mcu.externaltools.arm-none.win32_1.17.0.201812190825/tools/compiler/bin/../lib/gcc/arm-none-eabi/7.3.1/thumb/v6-m/crtbegin.o
 .ARM.attributes
                0x0000004a       0x31 Drivers/STM32F0xx_HAL_Driver/Src/stm32f0xx_hal.o
 .ARM.attributes
                0x0000007b       0x31 Drivers/STM32F0xx_HAL_Driver/Src/stm32f0xx_hal_cortex.o
 .ARM.attributes
                0x000000ac       0x31 Drivers/STM32F0xx_HAL_Driver/Src/stm32f0xx_hal_gpio.o
 .ARM.attributes
                0x000000dd       0x31 Drivers/STM32F0xx_HAL_Driver/Src/stm32f0xx_hal_rcc.o
 .ARM.attributes
                0x0000010e       0x31 Drivers/STM32F0xx_HAL_Driver/Src/stm32f0xx_hal_spi.o
 .ARM.attributes
                0x0000013f       0x31 Src/main.o
 .ARM.attributes
                0x00000170       0x31 Src/stm32f0xx_hal_msp.o
 .ARM.attributes
                0x000001a1       0x31 Src/stm32f0xx_it.o
 .ARM.attributes
                0x000001d2       0x31 Src/system_stm32f0xx.o
 .ARM.attributes
                0x00000203       0x31 Src/tm2_stm32_nrf24l01.o
 .ARM.attributes
                0x00000234       0x21 startup/startup_stm32f051x8.o
 .ARM.attributes
                0x00000255       0x1e c:/ac6/systemworkbench/plugins/fr.ac6.mcu.externaltools.arm-none.win32_1.17.0.201812190825/tools/compiler/bin/../lib/gcc/arm-none-eabi/7.3.1/thumb/v6-m\libgcc.a(_udivsi3.o)
 .ARM.attributes
                0x00000273       0x1e c:/ac6/systemworkbench/plugins/fr.ac6.mcu.externaltools.arm-none.win32_1.17.0.201812190825/tools/compiler/bin/../lib/gcc/arm-none-eabi/7.3.1/thumb/v6-m\libgcc.a(_dvmd_tls.o)
 .ARM.attributes
                0x00000291       0x2c c:/ac6/systemworkbench/plugins/fr.ac6.mcu.externaltools.arm-none.win32_1.17.0.201812190825/tools/compiler/bin/../lib/gcc/arm-none-eabi/7.3.1/../../../../arm-none-eabi/lib/thumb/v6-m\libc_nano.a(lib_a-init.o)
 .ARM.attributes
                0x000002bd       0x1e c:/ac6/systemworkbench/plugins/fr.ac6.mcu.externaltools.arm-none.win32_1.17.0.201812190825/tools/compiler/bin/../lib/gcc/arm-none-eabi/7.3.1/thumb/v6-m/crtn.o
OUTPUT(nRF24L01_rx_stm32f0discovery.elf elf32-littlearm)

.debug_info     0x00000000     0xc5f0
 .debug_info    0x00000000      0xe7f Drivers/STM32F0xx_HAL_Driver/Src/stm32f0xx_hal.o
 .debug_info    0x00000e7f      0xfe9 Drivers/STM32F0xx_HAL_Driver/Src/stm32f0xx_hal_cortex.o
 .debug_info    0x00001e68      0xe6b Drivers/STM32F0xx_HAL_Driver/Src/stm32f0xx_hal_gpio.o
 .debug_info    0x00002cd3     0x114c Drivers/STM32F0xx_HAL_Driver/Src/stm32f0xx_hal_rcc.o
 .debug_info    0x00003e1f     0x2587 Drivers/STM32F0xx_HAL_Driver/Src/stm32f0xx_hal_spi.o
 .debug_info    0x000063a6     0x1906 Src/main.o
 .debug_info    0x00007cac     0x11b3 Src/stm32f0xx_hal_msp.o
 .debug_info    0x00008e5f      0x954 Src/stm32f0xx_it.o
 .debug_info    0x000097b3      0xa74 Src/system_stm32f0xx.o
 .debug_info    0x0000a227     0x23a7 Src/tm2_stm32_nrf24l01.o
 .debug_info    0x0000c5ce       0x22 startup/startup_stm32f051x8.o

.debug_abbrev   0x00000000     0x1b34
 .debug_abbrev  0x00000000      0x2f6 Drivers/STM32F0xx_HAL_Driver/Src/stm32f0xx_hal.o
 .debug_abbrev  0x000002f6      0x328 Drivers/STM32F0xx_HAL_Driver/Src/stm32f0xx_hal_cortex.o
 .debug_abbrev  0x0000061e      0x2a7 Drivers/STM32F0xx_HAL_Driver/Src/stm32f0xx_hal_gpio.o
 .debug_abbrev  0x000008c5      0x2ea Drivers/STM32F0xx_HAL_Driver/Src/stm32f0xx_hal_rcc.o
 .debug_abbrev  0x00000baf      0x315 Drivers/STM32F0xx_HAL_Driver/Src/stm32f0xx_hal_spi.o
 .debug_abbrev  0x00000ec4      0x307 Src/main.o
 .debug_abbrev  0x000011cb      0x254 Src/stm32f0xx_hal_msp.o
 .debug_abbrev  0x0000141f      0x1d9 Src/stm32f0xx_it.o
 .debug_abbrev  0x000015f8      0x205 Src/system_stm32f0xx.o
 .debug_abbrev  0x000017fd      0x325 Src/tm2_stm32_nrf24l01.o
 .debug_abbrev  0x00001b22       0x12 startup/startup_stm32f051x8.o

.debug_loc      0x00000000     0x32c6
 .debug_loc     0x00000000       0x7c Drivers/STM32F0xx_HAL_Driver/Src/stm32f0xx_hal.o
 .debug_loc     0x0000007c      0x393 Drivers/STM32F0xx_HAL_Driver/Src/stm32f0xx_hal_cortex.o
 .debug_loc     0x0000040f      0x2fe Drivers/STM32F0xx_HAL_Driver/Src/stm32f0xx_hal_gpio.o
 .debug_loc     0x0000070d      0x475 Drivers/STM32F0xx_HAL_Driver/Src/stm32f0xx_hal_rcc.o
 .debug_loc     0x00000b82     0x1d2b Drivers/STM32F0xx_HAL_Driver/Src/stm32f0xx_hal_spi.o
 .debug_loc     0x000028ad       0x1e Src/main.o
 .debug_loc     0x000028cb       0x74 Src/stm32f0xx_hal_msp.o
 .debug_loc     0x0000293f      0x13b Src/system_stm32f0xx.o
 .debug_loc     0x00002a7a      0x84c Src/tm2_stm32_nrf24l01.o

.debug_aranges  0x00000000      0x5b8
 .debug_aranges
                0x00000000       0xb8 Drivers/STM32F0xx_HAL_Driver/Src/stm32f0xx_hal.o
 .debug_aranges
                0x000000b8       0x78 Drivers/STM32F0xx_HAL_Driver/Src/stm32f0xx_hal_cortex.o
 .debug_aranges
                0x00000130       0x58 Drivers/STM32F0xx_HAL_Driver/Src/stm32f0xx_hal_gpio.o
 .debug_aranges
                0x00000188       0x80 Drivers/STM32F0xx_HAL_Driver/Src/stm32f0xx_hal_rcc.o
 .debug_aranges
                0x00000208      0x1d8 Drivers/STM32F0xx_HAL_Driver/Src/stm32f0xx_hal_spi.o
 .debug_aranges
                0x000003e0       0x40 Src/main.o
 .debug_aranges
                0x00000420       0x30 Src/stm32f0xx_hal_msp.o
 .debug_aranges
                0x00000450       0x20 Src/stm32f0xx_it.o
 .debug_aranges
                0x00000470       0x28 Src/system_stm32f0xx.o
 .debug_aranges
                0x00000498       0xf8 Src/tm2_stm32_nrf24l01.o
 .debug_aranges
                0x00000590       0x28 startup/startup_stm32f051x8.o

.debug_ranges   0x00000000      0x570
 .debug_ranges  0x00000000       0xa8 Drivers/STM32F0xx_HAL_Driver/Src/stm32f0xx_hal.o
 .debug_ranges  0x000000a8       0xb0 Drivers/STM32F0xx_HAL_Driver/Src/stm32f0xx_hal_cortex.o
 .debug_ranges  0x00000158       0x48 Drivers/STM32F0xx_HAL_Driver/Src/stm32f0xx_hal_gpio.o
 .debug_ranges  0x000001a0       0x88 Drivers/STM32F0xx_HAL_Driver/Src/stm32f0xx_hal_rcc.o
 .debug_ranges  0x00000228      0x1c8 Drivers/STM32F0xx_HAL_Driver/Src/stm32f0xx_hal_spi.o
 .debug_ranges  0x000003f0       0x30 Src/main.o
 .debug_ranges  0x00000420       0x20 Src/stm32f0xx_hal_msp.o
 .debug_ranges  0x00000440       0x10 Src/stm32f0xx_it.o
 .debug_ranges  0x00000450       0x18 Src/system_stm32f0xx.o
 .debug_ranges  0x00000468       0xe8 Src/tm2_stm32_nrf24l01.o
 .debug_ranges  0x00000550       0x20 startup/startup_stm32f051x8.o

.debug_macro    0x00000000     0xe9b4
 .debug_macro   0x00000000      0x327 Drivers/STM32F0xx_HAL_Driver/Src/stm32f0xx_hal.o
 .debug_macro   0x00000327      0xa4e Drivers/STM32F0xx_HAL_Driver/Src/stm32f0xx_hal.o
 .debug_macro   0x00000d75       0x4c Drivers/STM32F0xx_HAL_Driver/Src/stm32f0xx_hal.o
 .debug_macro   0x00000dc1       0xa5 Drivers/STM32F0xx_HAL_Driver/Src/stm32f0xx_hal.o
 .debug_macro   0x00000e66       0x2e Drivers/STM32F0xx_HAL_Driver/Src/stm32f0xx_hal.o
 .debug_macro   0x00000e94       0x22 Drivers/STM32F0xx_HAL_Driver/Src/stm32f0xx_hal.o
 .debug_macro   0x00000eb6       0x22 Drivers/STM32F0xx_HAL_Driver/Src/stm32f0xx_hal.o
 .debug_macro   0x00000ed8       0x8e Drivers/STM32F0xx_HAL_Driver/Src/stm32f0xx_hal.o
 .debug_macro   0x00000f66       0x51 Drivers/STM32F0xx_HAL_Driver/Src/stm32f0xx_hal.o
 .debug_macro   0x00000fb7       0xef Drivers/STM32F0xx_HAL_Driver/Src/stm32f0xx_hal.o
 .debug_macro   0x000010a6       0x6a Drivers/STM32F0xx_HAL_Driver/Src/stm32f0xx_hal.o
 .debug_macro   0x00001110      0x1df Drivers/STM32F0xx_HAL_Driver/Src/stm32f0xx_hal.o
 .debug_macro   0x000012ef       0x34 Drivers/STM32F0xx_HAL_Driver/Src/stm32f0xx_hal.o
 .debug_macro   0x00001323       0x26 Drivers/STM32F0xx_HAL_Driver/Src/stm32f0xx_hal.o
 .debug_macro   0x00001349      0x30d Drivers/STM32F0xx_HAL_Driver/Src/stm32f0xx_hal.o
 .debug_macro   0x00001656     0x8d15 Drivers/STM32F0xx_HAL_Driver/Src/stm32f0xx_hal.o
 .debug_macro   0x0000a36b       0x3c Drivers/STM32F0xx_HAL_Driver/Src/stm32f0xx_hal.o
 .debug_macro   0x0000a3a7       0x5e Drivers/STM32F0xx_HAL_Driver/Src/stm32f0xx_hal.o
 .debug_macro   0x0000a405       0x18 Drivers/STM32F0xx_HAL_Driver/Src/stm32f0xx_hal.o
 .debug_macro   0x0000a41d       0x35 Drivers/STM32F0xx_HAL_Driver/Src/stm32f0xx_hal.o
 .debug_macro   0x0000a452       0x34 Drivers/STM32F0xx_HAL_Driver/Src/stm32f0xx_hal.o
 .debug_macro   0x0000a486       0x16 Drivers/STM32F0xx_HAL_Driver/Src/stm32f0xx_hal.o
 .debug_macro   0x0000a49c       0x97 Drivers/STM32F0xx_HAL_Driver/Src/stm32f0xx_hal.o
 .debug_macro   0x0000a533      0x330 Drivers/STM32F0xx_HAL_Driver/Src/stm32f0xx_hal.o
 .debug_macro   0x0000a863       0xfd Drivers/STM32F0xx_HAL_Driver/Src/stm32f0xx_hal.o
 .debug_macro   0x0000a960       0x10 Drivers/STM32F0xx_HAL_Driver/Src/stm32f0xx_hal.o
 .debug_macro   0x0000a970       0x58 Drivers/STM32F0xx_HAL_Driver/Src/stm32f0xx_hal.o
 .debug_macro   0x0000a9c8       0x1f Drivers/STM32F0xx_HAL_Driver/Src/stm32f0xx_hal.o
 .debug_macro   0x0000a9e7       0x43 Drivers/STM32F0xx_HAL_Driver/Src/stm32f0xx_hal.o
 .debug_macro   0x0000aa2a       0x20 Drivers/STM32F0xx_HAL_Driver/Src/stm32f0xx_hal.o
 .debug_macro   0x0000aa4a      0x18e Drivers/STM32F0xx_HAL_Driver/Src/stm32f0xx_hal.o
 .debug_macro   0x0000abd8       0x10 Drivers/STM32F0xx_HAL_Driver/Src/stm32f0xx_hal.o
 .debug_macro   0x0000abe8       0x1c Drivers/STM32F0xx_HAL_Driver/Src/stm32f0xx_hal.o
 .debug_macro   0x0000ac04       0x52 Drivers/STM32F0xx_HAL_Driver/Src/stm32f0xx_hal.o
 .debug_macro   0x0000ac56       0x40 Drivers/STM32F0xx_HAL_Driver/Src/stm32f0xx_hal.o
 .debug_macro   0x0000ac96       0x10 Drivers/STM32F0xx_HAL_Driver/Src/stm32f0xx_hal.o
 .debug_macro   0x0000aca6       0x40 Drivers/STM32F0xx_HAL_Driver/Src/stm32f0xx_hal.o
 .debug_macro   0x0000ace6       0xd7 Drivers/STM32F0xx_HAL_Driver/Src/stm32f0xx_hal.o
 .debug_macro   0x0000adbd       0x1c Drivers/STM32F0xx_HAL_Driver/Src/stm32f0xx_hal.o
 .debug_macro   0x0000add9       0x3d Drivers/STM32F0xx_HAL_Driver/Src/stm32f0xx_hal.o
 .debug_macro   0x0000ae16       0x16 Drivers/STM32F0xx_HAL_Driver/Src/stm32f0xx_hal.o
 .debug_macro   0x0000ae2c      0x16f Drivers/STM32F0xx_HAL_Driver/Src/stm32f0xx_hal.o
 .debug_macro   0x0000af9b       0x49 Drivers/STM32F0xx_HAL_Driver/Src/stm32f0xx_hal.o
 .debug_macro   0x0000afe4      0x92f Drivers/STM32F0xx_HAL_Driver/Src/stm32f0xx_hal.o
 .debug_macro   0x0000b913      0x252 Drivers/STM32F0xx_HAL_Driver/Src/stm32f0xx_hal.o
 .debug_macro   0x0000bb65      0x13a Drivers/STM32F0xx_HAL_Driver/Src/stm32f0xx_hal.o
 .debug_macro   0x0000bc9f      0x114 Drivers/STM32F0xx_HAL_Driver/Src/stm32f0xx_hal.o
 .debug_macro   0x0000bdb3      0x1ed Drivers/STM32F0xx_HAL_Driver/Src/stm32f0xx_hal.o
 .debug_macro   0x0000bfa0       0x34 Drivers/STM32F0xx_HAL_Driver/Src/stm32f0xx_hal.o
 .debug_macro   0x0000bfd4       0x43 Drivers/STM32F0xx_HAL_Driver/Src/stm32f0xx_hal.o
 .debug_macro   0x0000c017       0x28 Drivers/STM32F0xx_HAL_Driver/Src/stm32f0xx_hal.o
 .debug_macro   0x0000c03f       0xb6 Drivers/STM32F0xx_HAL_Driver/Src/stm32f0xx_hal.o
 .debug_macro   0x0000c0f5      0x199 Drivers/STM32F0xx_HAL_Driver/Src/stm32f0xx_hal.o
 .debug_macro   0x0000c28e      0x202 Drivers/STM32F0xx_HAL_Driver/Src/stm32f0xx_hal.o
 .debug_macro   0x0000c490       0x61 Drivers/STM32F0xx_HAL_Driver/Src/stm32f0xx_hal.o
 .debug_macro   0x0000c4f1       0x90 Drivers/STM32F0xx_HAL_Driver/Src/stm32f0xx_hal.o
 .debug_macro   0x0000c581       0x4d Drivers/STM32F0xx_HAL_Driver/Src/stm32f0xx_hal.o
 .debug_macro   0x0000c5ce      0x114 Drivers/STM32F0xx_HAL_Driver/Src/stm32f0xx_hal.o
 .debug_macro   0x0000c6e2      0x2f0 Drivers/STM32F0xx_HAL_Driver/Src/stm32f0xx_hal.o
 .debug_macro   0x0000c9d2      0x10d Drivers/STM32F0xx_HAL_Driver/Src/stm32f0xx_hal.o
 .debug_macro   0x0000cadf      0x303 Drivers/STM32F0xx_HAL_Driver/Src/stm32f0xx_hal_cortex.o
 .debug_macro   0x0000cde2      0x33b Drivers/STM32F0xx_HAL_Driver/Src/stm32f0xx_hal_gpio.o
 .debug_macro   0x0000d11d      0x315 Drivers/STM32F0xx_HAL_Driver/Src/stm32f0xx_hal_rcc.o
 .debug_macro   0x0000d432      0x30b Drivers/STM32F0xx_HAL_Driver/Src/stm32f0xx_hal_spi.o
 .debug_macro   0x0000d73d      0x310 Src/main.o
 .debug_macro   0x0000da4d      0x344 Src/main.o
 .debug_macro   0x0000dd91      0x303 Src/stm32f0xx_hal_msp.o
 .debug_macro   0x0000e094      0x30d Src/stm32f0xx_it.o
 .debug_macro   0x0000e3a1      0x303 Src/system_stm32f0xx.o
 .debug_macro   0x0000e6a4      0x310 Src/tm2_stm32_nrf24l01.o

.debug_line     0x00000000     0x607e
 .debug_line    0x00000000      0x8dd Drivers/STM32F0xx_HAL_Driver/Src/stm32f0xx_hal.o
 .debug_line    0x000008dd      0x8d6 Drivers/STM32F0xx_HAL_Driver/Src/stm32f0xx_hal_cortex.o
 .debug_line    0x000011b3      0x8ba Drivers/STM32F0xx_HAL_Driver/Src/stm32f0xx_hal_gpio.o
 .debug_line    0x00001a6d      0x9ef Drivers/STM32F0xx_HAL_Driver/Src/stm32f0xx_hal_rcc.o
 .debug_line    0x0000245c     0x12a3 Drivers/STM32F0xx_HAL_Driver/Src/stm32f0xx_hal_spi.o
 .debug_line    0x000036ff      0x837 Src/main.o
 .debug_line    0x00003f36      0x799 Src/stm32f0xx_hal_msp.o
 .debug_line    0x000046cf      0x76d Src/stm32f0xx_it.o
 .debug_line    0x00004e3c      0x796 Src/system_stm32f0xx.o
 .debug_line    0x000055d2      0xa29 Src/tm2_stm32_nrf24l01.o
 .debug_line    0x00005ffb       0x83 startup/startup_stm32f051x8.o

.debug_str      0x00000000    0x4d2a2
 .debug_str     0x00000000    0x4ac3d Drivers/STM32F0xx_HAL_Driver/Src/stm32f0xx_hal.o
                              0x4af21 (size before relaxing)
 .debug_str     0x0004ac3d      0x1f8 Drivers/STM32F0xx_HAL_Driver/Src/stm32f0xx_hal_cortex.o
                              0x4adcf (size before relaxing)
 .debug_str     0x0004ae35      0x299 Drivers/STM32F0xx_HAL_Driver/Src/stm32f0xx_hal_gpio.o
                              0x4ac8f (size before relaxing)
 .debug_str     0x0004b0ce      0x331 Drivers/STM32F0xx_HAL_Driver/Src/stm32f0xx_hal_rcc.o
                              0x4adf3 (size before relaxing)
 .debug_str     0x0004b3ff      0x92e Drivers/STM32F0xx_HAL_Driver/Src/stm32f0xx_hal_spi.o
                              0x4b328 (size before relaxing)
 .debug_str     0x0004bd2d     0x1259 Src/main.o
                              0x4c45f (size before relaxing)
 .debug_str     0x0004cf86       0x1b Src/stm32f0xx_hal_msp.o
                              0x4b013 (size before relaxing)
 .debug_str     0x0004cfa1       0x38 Src/stm32f0xx_it.o
                              0x4a996 (size before relaxing)
 .debug_str     0x0004cfd9       0x5a Src/system_stm32f0xx.o
                              0x4a9e8 (size before relaxing)
 .debug_str     0x0004d033      0x240 Src/tm2_stm32_nrf24l01.o
                              0x4c21b (size before relaxing)
 .debug_str     0x0004d273       0x2f startup/startup_stm32f051x8.o
                                 0x68 (size before relaxing)

.comment        0x00000000       0x7f
 .comment       0x00000000       0x7f Drivers/STM32F0xx_HAL_Driver/Src/stm32f0xx_hal.o
                                 0x80 (size before relaxing)
 .comment       0x0000007f       0x80 Drivers/STM32F0xx_HAL_Driver/Src/stm32f0xx_hal_cortex.o
 .comment       0x0000007f       0x80 Drivers/STM32F0xx_HAL_Driver/Src/stm32f0xx_hal_gpio.o
 .comment       0x0000007f       0x80 Drivers/STM32F0xx_HAL_Driver/Src/stm32f0xx_hal_rcc.o
 .comment       0x0000007f       0x80 Drivers/STM32F0xx_HAL_Driver/Src/stm32f0xx_hal_spi.o
 .comment       0x0000007f       0x80 Src/main.o
 .comment       0x0000007f       0x80 Src/stm32f0xx_hal_msp.o
 .comment       0x0000007f       0x80 Src/stm32f0xx_it.o
 .comment       0x0000007f       0x80 Src/system_stm32f0xx.o
 .comment       0x0000007f       0x80 Src/tm2_stm32_nrf24l01.o

.debug_frame    0x00000000      0xe60
 .debug_frame   0x00000000      0x174 Drivers/STM32F0xx_HAL_Driver/Src/stm32f0xx_hal.o
 .debug_frame   0x00000174       0xe4 Drivers/STM32F0xx_HAL_Driver/Src/stm32f0xx_hal_cortex.o
 .debug_frame   0x00000258       0xcc Drivers/STM32F0xx_HAL_Driver/Src/stm32f0xx_hal_gpio.o
 .debug_frame   0x00000324      0x12c Drivers/STM32F0xx_HAL_Driver/Src/stm32f0xx_hal_rcc.o
 .debug_frame   0x00000450      0x574 Drivers/STM32F0xx_HAL_Driver/Src/stm32f0xx_hal_spi.o
 .debug_frame   0x000009c4       0x90 Src/main.o
 .debug_frame   0x00000a54       0x58 Src/stm32f0xx_hal_msp.o
 .debug_frame   0x00000aac       0x28 Src/stm32f0xx_it.o
 .debug_frame   0x00000ad4       0x38 Src/system_stm32f0xx.o
 .debug_frame   0x00000b0c      0x308 Src/tm2_stm32_nrf24l01.o
 .debug_frame   0x00000e14       0x20 c:/ac6/systemworkbench/plugins/fr.ac6.mcu.externaltools.arm-none.win32_1.17.0.201812190825/tools/compiler/bin/../lib/gcc/arm-none-eabi/7.3.1/thumb/v6-m\libgcc.a(_udivsi3.o)
 .debug_frame   0x00000e34       0x2c c:/ac6/systemworkbench/plugins/fr.ac6.mcu.externaltools.arm-none.win32_1.17.0.201812190825/tools/compiler/bin/../lib/gcc/arm-none-eabi/7.3.1/../../../../arm-none-eabi/lib/thumb/v6-m\libc_nano.a(lib_a-init.o)
